// Jest Snapshot v1, https://goo.gl/fbAQLP

exports[`Order.js default render 1`] = `
<div
  className="Order"
>
  <div
    className="Order-header"
  >
    <span
      className="Order-shop"
    >
      Alihandro Express
    </span>
    <span
      id="date"
    />
  </div>
  <div
    className="Order-items"
  >
    <div
      className="Order-item"
      key="0"
    >
      Утиный пластмасса для показ новый год
    </div>
    <div
      className="Order-item"
      key="1"
    >
      Курица из нержавеющей стали, утка, гусь, голубь, питьевой фонтан
    </div>
    <div
      className="Order-item"
      key="2"
    >
      Новый стиль один розница яйцо для упаковки форма латекс
    </div>
  </div>
</div>
`;

exports[`Order.js render with no items 1`] = `
<div
  className="Order"
>
  <div
    className="Order-header"
  >
    <span
      className="Order-shop"
    >
      shop
    </span>
    <span
      id="date"
    />
  </div>
  <div
    className="Order-items"
  />
</div>
`;

exports[`Order.js render without props 1`] = `""`;
